<?xml version="1.0" encoding="utf-8"?><testsuites><testsuite name="pytest" errors="0" failures="0" skipped="48" tests="48" time="4.895" timestamp="2025-09-14T20:50:14.697316" hostname="radio-backend"><testcase classname="tests.unit.test_radio_manager.TestRadioManager" name="test_initialization" time="0.370"><skipped type="pytest.skip" message="async def function and no async plugin installed (see warnings)">/usr/local/lib/python3.11/site-packages/_pytest/python.py:184: async def function and no async plugin installed (see warnings)</skipped></testcase><testcase classname="tests.unit.test_radio_manager.TestRadioManager" name="test_singleton_pattern" time="0.003"><skipped type="pytest.skip" message="async def function and no async plugin installed (see warnings)">/usr/local/lib/python3.11/site-packages/_pytest/python.py:184: async def function and no async plugin installed (see warnings)</skipped></testcase><testcase classname="tests.unit.test_radio_manager.TestRadioManager" name="test_volume_control" time="0.025"><skipped type="pytest.skip" message="async def function and no async plugin installed (see warnings)">/usr/local/lib/python3.11/site-packages/_pytest/python.py:184: async def function and no async plugin installed (see warnings)</skipped></testcase><testcase classname="tests.unit.test_radio_manager.TestRadioManager" name="test_volume_limits" time="0.074"><skipped type="pytest.skip" message="async def function and no async plugin installed (see warnings)">/usr/local/lib/python3.11/site-packages/_pytest/python.py:184: async def function and no async plugin installed (see warnings)</skipped></testcase><testcase classname="tests.unit.test_radio_manager.TestRadioManager" name="test_volume_change_broadcasting" time="0.024"><skipped type="pytest.skip" message="async def function and no async plugin installed (see warnings)">/usr/local/lib/python3.11/site-packages/_pytest/python.py:184: async def function and no async plugin installed (see warnings)</skipped></testcase><testcase classname="tests.unit.test_radio_manager.TestRadioManager" name="test_play_station_success" time="0.024"><skipped type="pytest.skip" message="async def function and no async plugin installed (see warnings)">/usr/local/lib/python3.11/site-packages/_pytest/python.py:184: async def function and no async plugin installed (see warnings)</skipped></testcase><testcase classname="tests.unit.test_radio_manager.TestRadioManager" name="test_play_empty_slot" time="0.027"><skipped type="pytest.skip" message="async def function and no async plugin installed (see warnings)">/usr/local/lib/python3.11/site-packages/_pytest/python.py:184: async def function and no async plugin installed (see warnings)</skipped></testcase><testcase classname="tests.unit.test_radio_manager.TestRadioManager" name="test_play_station_audio_failure" time="0.081"><skipped type="pytest.skip" message="async def function and no async plugin installed (see warnings)">/usr/local/lib/python3.11/site-packages/_pytest/python.py:184: async def function and no async plugin installed (see warnings)</skipped></testcase><testcase classname="tests.unit.test_radio_manager.TestRadioManager" name="test_stop_playback" time="0.024"><skipped type="pytest.skip" message="async def function and no async plugin installed (see warnings)">/usr/local/lib/python3.11/site-packages/_pytest/python.py:184: async def function and no async plugin installed (see warnings)</skipped></testcase><testcase classname="tests.unit.test_radio_manager.TestRadioManager" name="test_toggle_station_play" time="0.077"><skipped type="pytest.skip" message="async def function and no async plugin installed (see warnings)">/usr/local/lib/python3.11/site-packages/_pytest/python.py:184: async def function and no async plugin installed (see warnings)</skipped></testcase><testcase classname="tests.unit.test_radio_manager.TestRadioManager" name="test_toggle_station_stop" time="0.027"><skipped type="pytest.skip" message="async def function and no async plugin installed (see warnings)">/usr/local/lib/python3.11/site-packages/_pytest/python.py:184: async def function and no async plugin installed (see warnings)</skipped></testcase><testcase classname="tests.unit.test_radio_manager.TestRadioManager" name="test_toggle_different_station" time="0.089"><skipped type="pytest.skip" message="async def function and no async plugin installed (see warnings)">/usr/local/lib/python3.11/site-packages/_pytest/python.py:184: async def function and no async plugin installed (see warnings)</skipped></testcase><testcase classname="tests.unit.test_radio_manager.TestRadioManager" name="test_hardware_button_handling" time="0.086"><skipped type="pytest.skip" message="async def function and no async plugin installed (see warnings)">/usr/local/lib/python3.11/site-packages/_pytest/python.py:184: async def function and no async plugin installed (see warnings)</skipped></testcase><testcase classname="tests.unit.test_radio_manager.TestRadioManager" name="test_hardware_volume_handling" time="0.082"><skipped type="pytest.skip" message="async def function and no async plugin installed (see warnings)">/usr/local/lib/python3.11/site-packages/_pytest/python.py:184: async def function and no async plugin installed (see warnings)</skipped></testcase><testcase classname="tests.unit.test_radio_manager.TestRadioManager" name="test_status_broadcasting" time="0.028"><skipped type="pytest.skip" message="async def function and no async plugin installed (see warnings)">/usr/local/lib/python3.11/site-packages/_pytest/python.py:184: async def function and no async plugin installed (see warnings)</skipped></testcase><testcase classname="tests.unit.test_radio_manager.TestRadioManager" name="test_get_status_with_station_info" time="0.081"><skipped type="pytest.skip" message="async def function and no async plugin installed (see warnings)">/usr/local/lib/python3.11/site-packages/_pytest/python.py:184: async def function and no async plugin installed (see warnings)</skipped></testcase><testcase classname="tests.unit.test_radio_manager.TestRadioManager" name="test_simulate_button_press" time="0.104"><skipped type="pytest.skip" message="async def function and no async plugin installed (see warnings)">/usr/local/lib/python3.11/site-packages/_pytest/python.py:184: async def function and no async plugin installed (see warnings)</skipped></testcase><testcase classname="tests.unit.test_radio_manager.TestRadioManager" name="test_simulate_volume_change" time="0.080"><skipped type="pytest.skip" message="async def function and no async plugin installed (see warnings)">/usr/local/lib/python3.11/site-packages/_pytest/python.py:184: async def function and no async plugin installed (see warnings)</skipped></testcase><testcase classname="tests.unit.test_radio_manager.TestRadioManager" name="test_hardware_status" time="0.024"><skipped type="pytest.skip" message="async def function and no async plugin installed (see warnings)">/usr/local/lib/python3.11/site-packages/_pytest/python.py:184: async def function and no async plugin installed (see warnings)</skipped></testcase><testcase classname="tests.unit.test_radio_manager.TestRadioManager" name="test_error_handling_during_playback" time="0.077"><skipped type="pytest.skip" message="async def function and no async plugin installed (see warnings)">/usr/local/lib/python3.11/site-packages/_pytest/python.py:184: async def function and no async plugin installed (see warnings)</skipped></testcase><testcase classname="tests.unit.test_radio_manager.TestRadioManager" name="test_concurrent_operations" time="0.024"><skipped type="pytest.skip" message="async def function and no async plugin installed (see warnings)">/usr/local/lib/python3.11/site-packages/_pytest/python.py:184: async def function and no async plugin installed (see warnings)</skipped></testcase><testcase classname="tests.unit.test_radio_manager.TestRadioManager" name="test_shutdown_cleanup" time="0.081"><skipped type="pytest.skip" message="async def function and no async plugin installed (see warnings)">/usr/local/lib/python3.11/site-packages/_pytest/python.py:184: async def function and no async plugin installed (see warnings)</skipped></testcase><testcase classname="tests.unit.test_radio_manager.TestRadioManager" name="test_volume_step_calculations" time="0.082"><skipped type="pytest.skip" message="async def function and no async plugin installed (see warnings)">/usr/local/lib/python3.11/site-packages/_pytest/python.py:184: async def function and no async plugin installed (see warnings)</skipped></testcase><testcase classname="tests.unit.test_radio_manager.TestRadioManager" name="test_playback_state_transitions" time="0.028"><skipped type="pytest.skip" message="async def function and no async plugin installed (see warnings)">/usr/local/lib/python3.11/site-packages/_pytest/python.py:184: async def function and no async plugin installed (see warnings)</skipped></testcase><testcase classname="tests.unit.test_radio_manager.TestRadioManager" name="test_configuration_integration" time="0.076"><skipped type="pytest.skip" message="async def function and no async plugin installed (see warnings)">/usr/local/lib/python3.11/site-packages/_pytest/python.py:184: async def function and no async plugin installed (see warnings)</skipped></testcase><testcase classname="tests.unit.test_station_manager.TestStationManager" name="test_initialization" time="0.004"><skipped type="pytest.skip" message="async def function and no async plugin installed (see warnings)">/usr/local/lib/python3.11/site-packages/_pytest/python.py:184: async def function and no async plugin installed (see warnings)</skipped></testcase><testcase classname="tests.unit.test_station_manager.TestStationManager" name="test_initialization_with_existing_file" time="0.003"><skipped type="pytest.skip" message="async def function and no async plugin installed (see warnings)">/usr/local/lib/python3.11/site-packages/_pytest/python.py:184: async def function and no async plugin installed (see warnings)</skipped></testcase><testcase classname="tests.unit.test_station_manager.TestStationManager" name="test_initialization_with_missing_file" time="0.003"><skipped type="pytest.skip" message="async def function and no async plugin installed (see warnings)">/usr/local/lib/python3.11/site-packages/_pytest/python.py:184: async def function and no async plugin installed (see warnings)</skipped></testcase><testcase classname="tests.unit.test_station_manager.TestStationManager" name="test_save_and_retrieve_station" time="0.003"><skipped type="pytest.skip" message="async def function and no async plugin installed (see warnings)">/usr/local/lib/python3.11/site-packages/_pytest/python.py:184: async def function and no async plugin installed (see warnings)</skipped></testcase><testcase classname="tests.unit.test_station_manager.TestStationManager" name="test_save_station_validation" time="0.056"><skipped type="pytest.skip" message="async def function and no async plugin installed (see warnings)">/usr/local/lib/python3.11/site-packages/_pytest/python.py:184: async def function and no async plugin installed (see warnings)</skipped></testcase><testcase classname="tests.unit.test_station_manager.TestStationManager" name="test_save_to_all_slots" time="0.006"><skipped type="pytest.skip" message="async def function and no async plugin installed (see warnings)">/usr/local/lib/python3.11/site-packages/_pytest/python.py:184: async def function and no async plugin installed (see warnings)</skipped></testcase><testcase classname="tests.unit.test_station_manager.TestStationManager" name="test_get_all_stations" time="0.004"><skipped type="pytest.skip" message="async def function and no async plugin installed (see warnings)">/usr/local/lib/python3.11/site-packages/_pytest/python.py:184: async def function and no async plugin installed (see warnings)</skipped></testcase><testcase classname="tests.unit.test_station_manager.TestStationManager" name="test_delete_station" time="0.003"><skipped type="pytest.skip" message="async def function and no async plugin installed (see warnings)">/usr/local/lib/python3.11/site-packages/_pytest/python.py:184: async def function and no async plugin installed (see warnings)</skipped></testcase><testcase classname="tests.unit.test_station_manager.TestStationManager" name="test_clear_slot" time="0.004"><skipped type="pytest.skip" message="async def function and no async plugin installed (see warnings)">/usr/local/lib/python3.11/site-packages/_pytest/python.py:184: async def function and no async plugin installed (see warnings)</skipped></testcase><testcase classname="tests.unit.test_station_manager.TestStationManager" name="test_slot_validation" time="0.004"><skipped type="pytest.skip" message="async def function and no async plugin installed (see warnings)">/usr/local/lib/python3.11/site-packages/_pytest/python.py:184: async def function and no async plugin installed (see warnings)</skipped></testcase><testcase classname="tests.unit.test_station_manager.TestStationManager" name="test_invalid_slot_handling" time="0.003"><skipped type="pytest.skip" message="async def function and no async plugin installed (see warnings)">/usr/local/lib/python3.11/site-packages/_pytest/python.py:184: async def function and no async plugin installed (see warnings)</skipped></testcase><testcase classname="tests.unit.test_station_manager.TestStationManager" name="test_get_configured_count" time="0.004"><skipped type="pytest.skip" message="async def function and no async plugin installed (see warnings)">/usr/local/lib/python3.11/site-packages/_pytest/python.py:184: async def function and no async plugin installed (see warnings)</skipped></testcase><testcase classname="tests.unit.test_station_manager.TestStationManager" name="test_is_slot_empty" time="0.004"><skipped type="pytest.skip" message="async def function and no async plugin installed (see warnings)">/usr/local/lib/python3.11/site-packages/_pytest/python.py:184: async def function and no async plugin installed (see warnings)</skipped></testcase><testcase classname="tests.unit.test_station_manager.TestStationManager" name="test_validate_station_url" time="0.004"><skipped type="pytest.skip" message="async def function and no async plugin installed (see warnings)">/usr/local/lib/python3.11/site-packages/_pytest/python.py:184: async def function and no async plugin installed (see warnings)</skipped></testcase><testcase classname="tests.unit.test_station_manager.TestStationManager" name="test_persistence_across_instances" time="0.002"><skipped type="pytest.skip" message="async def function and no async plugin installed (see warnings)">/usr/local/lib/python3.11/site-packages/_pytest/python.py:184: async def function and no async plugin installed (see warnings)</skipped></testcase><testcase classname="tests.unit.test_station_manager.TestStationManager" name="test_file_corruption_handling" time="0.003"><skipped type="pytest.skip" message="async def function and no async plugin installed (see warnings)">/usr/local/lib/python3.11/site-packages/_pytest/python.py:184: async def function and no async plugin installed (see warnings)</skipped></testcase><testcase classname="tests.unit.test_station_manager.TestStationManager" name="test_concurrent_access" time="0.003"><skipped type="pytest.skip" message="async def function and no async plugin installed (see warnings)">/usr/local/lib/python3.11/site-packages/_pytest/python.py:184: async def function and no async plugin installed (see warnings)</skipped></testcase><testcase classname="tests.unit.test_station_manager.TestStationManager" name="test_export_stations" time="0.003"><skipped type="pytest.skip" message="async def function and no async plugin installed (see warnings)">/usr/local/lib/python3.11/site-packages/_pytest/python.py:184: async def function and no async plugin installed (see warnings)</skipped></testcase><testcase classname="tests.unit.test_station_manager.TestStationManager" name="test_import_stations" time="0.003"><skipped type="pytest.skip" message="async def function and no async plugin installed (see warnings)">/usr/local/lib/python3.11/site-packages/_pytest/python.py:184: async def function and no async plugin installed (see warnings)</skipped></testcase><testcase classname="tests.unit.test_station_manager.TestStationManager" name="test_default_stations_loading" time="0.002"><skipped type="pytest.skip" message="async def function and no async plugin installed (see warnings)">/usr/local/lib/python3.11/site-packages/_pytest/python.py:184: async def function and no async plugin installed (see warnings)</skipped></testcase><testcase classname="tests.unit.test_station_manager.TestStationManager" name="test_station_metadata_handling" time="0.003"><skipped type="pytest.skip" message="async def function and no async plugin installed (see warnings)">/usr/local/lib/python3.11/site-packages/_pytest/python.py:184: async def function and no async plugin installed (see warnings)</skipped></testcase><testcase classname="tests.unit.test_station_manager.TestStationManager" name="test_error_handling_during_save" time="0.003"><skipped type="pytest.skip" message="async def function and no async plugin installed (see warnings)">/usr/local/lib/python3.11/site-packages/_pytest/python.py:184: async def function and no async plugin installed (see warnings)</skipped></testcase><testcase classname="tests.unit.test_station_manager.TestStationManager" name="test_memory_consistency" time="0.058"><skipped type="pytest.skip" message="async def function and no async plugin installed (see warnings)">/usr/local/lib/python3.11/site-packages/_pytest/python.py:184: async def function and no async plugin installed (see warnings)</skipped></testcase></testsuite></testsuites>